src/app/api/resolve/route.ts(3,72): error TS2307: Cannot find module '@/lib/platform' or its corresponding type declarations.
src/app/api/resolve/route.ts(4,33): error TS2307: Cannot find module '@/types' or its corresponding type declarations.
src/app/auth/signin/page.tsx(6,26): error TS2307: Cannot find module '@/lib/supabase' or its corresponding type declarations.
src/app/auth/signup/page.tsx(6,26): error TS2307: Cannot find module '@/lib/supabase' or its corresponding type declarations.
src/app/providers.tsx(3,30): error TS2307: Cannot find module '@/lib/auth-context' or its corresponding type declarations.
src/app/providers.tsx(4,32): error TS2307: Cannot find module '@/lib/player-context' or its corresponding type declarations.
src/app/providers.tsx(5,34): error TS2307: Cannot find module '@/lib/playlist-context' or its corresponding type declarations.
src/app/providers.tsx(6,33): error TS2307: Cannot find module '@/lib/spotify-context' or its corresponding type declarations.
